{
  "eligible_sign_count": 1952,
  "finite_n": 2162,
  "fold_pair_hashes": {
    "candle": "4f070b434c809b28bb7490d6a01e99fac626fb3387b85a253759a0c44177cbb5",
    "capsules": "a008753b3088ccfa9ab362a85cc3a2b180306a5e71258ff9d1252f2aeb00541f",
    "cashew": "24292a2b695ec5b8b9dd35aaf9bac84c999ee3746ff46f7091744bec395e45db",
    "chewinggum": "c3b9a32f86364dee8d13e62351a5dc6f905f7fee77716324826f3f56d270c0cf",
    "fryum": "71f93cf9480f678d031e62d5d5b6e8a297a471f15bad54229128d740d78111c1",
    "macaroni1": "10c3866598f156bd42102c6bab89859fc8046dae8ee021a4ee3fe5e3e3a5ba87",
    "macaroni2": "5d9b78025ebd7c3a8e9afea00718dc037b5de67cd85b0245d7639cf7d81edc1e",
    "pcb1": "64ca7d0d01545ebfae1a6cfb53cc9b2beecd1f6d1976ecc0ee4d5ff04ffe569e",
    "pcb2": "5a93556cf2c754b9d8fc1b5a715bbc83f5bb59ce3e2b1a861be4b603c4a5e97e",
    "pcb3": "2c21f8c1358d9870d9901241b43a7976781d553bf0689c07d18f156175ced602",
    "pcb4": "4e33b1b3d3d49f3472d0426f7b22c22352476b379e6fdf5da42760addc9480b1",
    "pipe_fryum": "3a1d933d1abe1b9fb919db1408bee8ef7810386699e12bc38bb637b92fe166ba"
  },
  "n": 2162,
  "order_digest": "03946696327e7406359f84f64072d53306e4bac2197593778ede5062f43c3f11",
  "peak_rss_bytes": 722903040,
  "pearson": 0.033900621243688034,
  "sign_accuracy": 0.41956967213114754,
  "spearman": 0.15709011175213658,
  "status": "PASS"
}
