sha256sum: /tmp/acd-clip-preflight-tta-20260911-b: Is a directory
GPU=NVIDIA GeForce RTX 3090
VRAM_GB=24
PYTHON=Python 3.11.16
TORCH=2.7.1+cu128
TORCH_CUDA=12.8
GIT_BRANCH=experiment/fresh-source-rental-20260911
GIT_SHA=d6b4e324832a577c1d537b87aa2e792361997fc6
DATA_READY=YES
MODEL_WEIGHT_READY=PASS
ANCHOR_ONLY_PATH_CONFIRMED=YES
CIR_ENABLED=false
HARD_BACKGROUND_ENABLED=false
FRESH_VISA_E1_ANCHOR_READY=YES
FRESH_MVTEC_E1_PROTOCOL_READY=YES
E1_TO_E20_CONTINUATION_PASS=PASS
CUDA_AMP_SMOKE=PASS
PEAK_TRAIN_VRAM_GB=9.026202
TTA_BASELINE_RUNTIME=4.81160314099543
TTA_OPT_RUNTIME=4.712577212994802
TTA_PARITY=PASS
TTA_OPT_USED=safe_inference_mode
DISK_STATUS=PASS
READY_TO_LAUNCH=YES
