2026-08-07T00:56:55+07:00
854, 16311, 3
RAM_Used_MB: 12826 RAM_Free_MB: 11612
2026-08-07T00:57:25+07:00
9111, 16311, 92
RAM_Used_MB: 17180 RAM_Free_MB: 7211
2026-08-07T00:57:55+07:00
9111, 16311, 98
RAM_Used_MB: 17059 RAM_Free_MB: 7317
2026-08-07T00:58:25+07:00
9113, 16311, 90
RAM_Used_MB: 17147 RAM_Free_MB: 7218
2026-08-07T00:58:55+07:00
9113, 16311, 93
RAM_Used_MB: 17163 RAM_Free_MB: 7188
2026-08-07T00:59:25+07:00
9099, 16311, 94
RAM_Used_MB: 17195 RAM_Free_MB: 7144
2026-08-07T00:59:55+07:00
9111, 16311, 95
RAM_Used_MB: 17119 RAM_Free_MB: 7208
2026-08-07T01:00:25+07:00
9097, 16311, 93
RAM_Used_MB: 17098 RAM_Free_MB: 7219
2026-08-07T01:00:55+07:00
9097, 16311, 96
RAM_Used_MB: 16991 RAM_Free_MB: 7313
2026-08-07T01:01:25+07:00
9084, 16311, 94
RAM_Used_MB: 16890 RAM_Free_MB: 7403
2026-08-07T01:01:55+07:00
9084, 16311, 84
RAM_Used_MB: 17071 RAM_Free_MB: 7210
2026-08-07T01:02:25+07:00
9084, 16311, 91
RAM_Used_MB: 17155 RAM_Free_MB: 7115
2026-08-07T01:02:55+07:00
9084, 16311, 91
RAM_Used_MB: 17150 RAM_Free_MB: 7109
2026-08-07T01:03:25+07:00
9084, 16311, 97
RAM_Used_MB: 17042 RAM_Free_MB: 7205
2026-08-07T01:03:55+07:00
9098, 16311, 92
RAM_Used_MB: 17170 RAM_Free_MB: 7065
2026-08-07T01:04:25+07:00
9084, 16311, 66
RAM_Used_MB: 17040 RAM_Free_MB: 7184
2026-08-07T01:04:55+07:00
9068, 16311, 78
RAM_Used_MB: 17089 RAM_Free_MB: 7120
2026-08-07T01:05:25+07:00
9068, 16311, 92
RAM_Used_MB: 17200 RAM_Free_MB: 6998
2026-08-07T01:05:55+07:00
9068, 16311, 92
RAM_Used_MB: 17128 RAM_Free_MB: 7066
2026-08-07T01:06:25+07:00
9055, 16311, 93
RAM_Used_MB: 17105 RAM_Free_MB: 7077
2026-08-07T01:06:55+07:00
9055, 16311, 94
RAM_Used_MB: 17242 RAM_Free_MB: 6928
2026-08-07T01:07:25+07:00
9055, 16311, 95
RAM_Used_MB: 17316 RAM_Free_MB: 6844
2026-08-07T01:07:55+07:00
9055, 16311, 95
RAM_Used_MB: 17137 RAM_Free_MB: 7011
2026-08-07T01:08:25+07:00
9055, 16311, 92
RAM_Used_MB: 17108 RAM_Free_MB: 7028
2026-08-07T01:08:55+07:00
9055, 16311, 95
RAM_Used_MB: 17137 RAM_Free_MB: 6990
2026-08-07T01:09:25+07:00
9055, 16311, 95
RAM_Used_MB: 17086 RAM_Free_MB: 7029
2026-08-07T01:09:55+07:00
9055, 16311, 92
RAM_Used_MB: 17225 RAM_Free_MB: 6878
2026-08-07T01:10:25+07:00
9055, 16311, 96
RAM_Used_MB: 16979 RAM_Free_MB: 7112
2026-08-07T01:10:55+07:00
9055, 16311, 92
RAM_Used_MB: 17104 RAM_Free_MB: 6976
2026-08-07T01:11:25+07:00
9055, 16311, 85
RAM_Used_MB: 17122 RAM_Free_MB: 6948
2026-08-07T01:11:55+07:00
9055, 16311, 78
RAM_Used_MB: 17221 RAM_Free_MB: 6836
2026-08-07T01:12:26+07:00
9055, 16311, 92
RAM_Used_MB: 17200 RAM_Free_MB: 6846
2026-08-07T01:12:56+07:00
9055, 16311, 91
RAM_Used_MB: 17217 RAM_Free_MB: 6817
2026-08-07T01:13:26+07:00
9069, 16311, 91
RAM_Used_MB: 15905 RAM_Free_MB: 7885
2026-08-07T01:13:56+07:00
9069, 16311, 96
RAM_Used_MB: 15940 RAM_Free_MB: 7850
2026-08-07T01:14:26+07:00
9055, 16311, 98
RAM_Used_MB: 15918 RAM_Free_MB: 7871
2026-08-07T01:14:56+07:00
9055, 16311, 98
RAM_Used_MB: 15798 RAM_Free_MB: 7988
2026-08-07T01:15:26+07:00
9055, 16311, 95
RAM_Used_MB: 15887 RAM_Free_MB: 7899
2026-08-07T01:15:56+07:00
9055, 16311, 95
RAM_Used_MB: 15684 RAM_Free_MB: 8104
2026-08-07T01:16:26+07:00
9055, 16311, 83
RAM_Used_MB: 15919 RAM_Free_MB: 7868
2026-08-07T01:16:56+07:00
9055, 16311, 93
RAM_Used_MB: 15964 RAM_Free_MB: 7823
2026-08-07T01:17:26+07:00
9069, 16311, 91
RAM_Used_MB: 15901 RAM_Free_MB: 7886
2026-08-07T01:17:56+07:00
9055, 16311, 92
RAM_Used_MB: 15802 RAM_Free_MB: 7981
2026-08-07T01:18:26+07:00
9055, 16311, 94
RAM_Used_MB: 15806 RAM_Free_MB: 7976
2026-08-07T01:18:56+07:00
9055, 16311, 95
RAM_Used_MB: 15914 RAM_Free_MB: 7870
2026-08-07T01:19:26+07:00
9069, 16311, 92
RAM_Used_MB: 16000 RAM_Free_MB: 7784
2026-08-07T01:19:56+07:00
9055, 16311, 93
RAM_Used_MB: 15867 RAM_Free_MB: 7916
2026-08-07T01:20:26+07:00
9055, 16311, 93
RAM_Used_MB: 15885 RAM_Free_MB: 7898
2026-08-07T01:20:56+07:00
9055, 16311, 92
RAM_Used_MB: 15919 RAM_Free_MB: 7864
2026-08-07T01:21:26+07:00
9055, 16311, 94
RAM_Used_MB: 15664 RAM_Free_MB: 8119
2026-08-07T01:21:56+07:00
9055, 16311, 80
RAM_Used_MB: 16077 RAM_Free_MB: 7705
2026-08-07T01:22:26+07:00
9055, 16311, 91
RAM_Used_MB: 15980 RAM_Free_MB: 7801
2026-08-07T01:22:56+07:00
9055, 16311, 77
RAM_Used_MB: 16031 RAM_Free_MB: 7751
2026-08-07T01:23:26+07:00
9055, 16311, 84
RAM_Used_MB: 15856 RAM_Free_MB: 7926
2026-08-07T01:23:56+07:00
9055, 16311, 77
RAM_Used_MB: 16018 RAM_Free_MB: 7763
2026-08-07T01:24:26+07:00
9055, 16311, 78
RAM_Used_MB: 15866 RAM_Free_MB: 7915
2026-08-07T01:24:56+07:00
9055, 16311, 82
RAM_Used_MB: 15984 RAM_Free_MB: 7793
2026-08-07T01:25:26+07:00
9055, 16311, 92
RAM_Used_MB: 16011 RAM_Free_MB: 7766
2026-08-07T01:25:56+07:00
9055, 16311, 93
RAM_Used_MB: 16086 RAM_Free_MB: 7698
2026-08-07T01:26:26+07:00
9069, 16311, 88
RAM_Used_MB: 16013 RAM_Free_MB: 7770
2026-08-07T01:26:56+07:00
9069, 16311, 93
RAM_Used_MB: 15993 RAM_Free_MB: 7790
2026-08-07T01:27:26+07:00
9069, 16311, 80
RAM_Used_MB: 15963 RAM_Free_MB: 7819
2026-08-07T01:27:56+07:00
9055, 16311, 77
RAM_Used_MB: 16065 RAM_Free_MB: 7714
2026-08-07T01:28:26+07:00
9055, 16311, 81
RAM_Used_MB: 15982 RAM_Free_MB: 7796
2026-08-07T01:28:56+07:00
9055, 16311, 95
RAM_Used_MB: 15970 RAM_Free_MB: 7810
2026-08-07T01:29:26+07:00
9055, 16311, 95
RAM_Used_MB: 15779 RAM_Free_MB: 7760
2026-08-07T01:29:56+07:00
9055, 16311, 95
RAM_Used_MB: 15997 RAM_Free_MB: 7543
2026-08-07T01:30:26+07:00
9055, 16311, 95
RAM_Used_MB: 15995 RAM_Free_MB: 7544
2026-08-07T01:30:56+07:00
9055, 16311, 94
RAM_Used_MB: 16154 RAM_Free_MB: 7385
2026-08-07T01:31:26+07:00
9055, 16311, 95
RAM_Used_MB: 16146 RAM_Free_MB: 7393
2026-08-07T01:31:56+07:00
9069, 16311, 95
RAM_Used_MB: 16119 RAM_Free_MB: 7419
2026-08-07T01:32:26+07:00
9055, 16311, 95
RAM_Used_MB: 16018 RAM_Free_MB: 7521
2026-08-07T01:32:56+07:00
9057, 16311, 84
RAM_Used_MB: 16004 RAM_Free_MB: 7535
2026-08-07T01:33:27+07:00
9057, 16311, 80
RAM_Used_MB: 15978 RAM_Free_MB: 7559
2026-08-07T01:33:57+07:00
9057, 16311, 78
RAM_Used_MB: 15990 RAM_Free_MB: 7548
2026-08-07T01:34:27+07:00
9057, 16311, 78
RAM_Used_MB: 15935 RAM_Free_MB: 7602
2026-08-07T01:34:57+07:00
9055, 16311, 88
RAM_Used_MB: 15924 RAM_Free_MB: 7610
2026-08-07T01:35:27+07:00
9055, 16311, 78
RAM_Used_MB: 15787 RAM_Free_MB: 7747
2026-08-07T01:35:57+07:00
9055, 16311, 93
RAM_Used_MB: 15923 RAM_Free_MB: 7613
2026-08-07T01:36:27+07:00
9069, 16311, 93
RAM_Used_MB: 16092 RAM_Free_MB: 7444
2026-08-07T01:36:57+07:00
9069, 16311, 78
RAM_Used_MB: 15958 RAM_Free_MB: 7577
2026-08-07T01:37:27+07:00
9055, 16311, 67
RAM_Used_MB: 16024 RAM_Free_MB: 7511
2026-08-07T01:37:57+07:00
9055, 16311, 97
RAM_Used_MB: 16030 RAM_Free_MB: 7502
2026-08-07T01:38:27+07:00
9055, 16311, 97
RAM_Used_MB: 15770 RAM_Free_MB: 7761
2026-08-07T01:38:57+07:00
9055, 16311, 92
RAM_Used_MB: 16119 RAM_Free_MB: 7417
2026-08-07T01:39:27+07:00
9055, 16311, 93
RAM_Used_MB: 16133 RAM_Free_MB: 7403
2026-08-07T01:39:57+07:00
9055, 16311, 80
RAM_Used_MB: 15974 RAM_Free_MB: 7562
2026-08-07T01:40:27+07:00
9055, 16311, 77
RAM_Used_MB: 15892 RAM_Free_MB: 7644
2026-08-07T01:40:57+07:00
9055, 16311, 80
RAM_Used_MB: 16058 RAM_Free_MB: 7478
2026-08-07T01:41:27+07:00
9055, 16311, 87
RAM_Used_MB: 15995 RAM_Free_MB: 7540
2026-08-07T01:41:57+07:00
9069, 16311, 77
RAM_Used_MB: 15816 RAM_Free_MB: 7719
2026-08-07T01:42:27+07:00
9055, 16311, 92
RAM_Used_MB: 15961 RAM_Free_MB: 7574
2026-08-07T01:42:57+07:00
9055, 16311, 77
RAM_Used_MB: 15996 RAM_Free_MB: 7539
2026-08-07T01:43:27+07:00
9055, 16311, 89
RAM_Used_MB: 16154 RAM_Free_MB: 7380
2026-08-07T01:43:57+07:00
9069, 16311, 82
RAM_Used_MB: 15997 RAM_Free_MB: 7537
2026-08-07T01:44:27+07:00
9055, 16311, 89
RAM_Used_MB: 16001 RAM_Free_MB: 7532
2026-08-07T01:44:57+07:00
9083, 16311, 82
RAM_Used_MB: 15951 RAM_Free_MB: 7338
2026-08-07T01:45:27+07:00
9083, 16311, 94
RAM_Used_MB: 15725 RAM_Free_MB: 7564
2026-08-07T01:45:57+07:00
9083, 16311, 82
RAM_Used_MB: 15886 RAM_Free_MB: 7410
2026-08-07T01:46:27+07:00
9213, 16311, 93
RAM_Used_MB: 16095 RAM_Free_MB: 7201
2026-08-07T01:46:57+07:00
9213, 16311, 91
RAM_Used_MB: 16045 RAM_Free_MB: 7250
2026-08-07T01:47:27+07:00
9201, 16311, 96
RAM_Used_MB: 15896 RAM_Free_MB: 7399
2026-08-07T01:47:57+07:00
9215, 16311, 95
RAM_Used_MB: 16003 RAM_Free_MB: 7288
2026-08-07T01:48:27+07:00
9201, 16311, 95
RAM_Used_MB: 16066 RAM_Free_MB: 7224
2026-08-07T01:48:57+07:00
9201, 16311, 94
RAM_Used_MB: 16073 RAM_Free_MB: 7219
2026-08-07T01:49:27+07:00
9201, 16311, 96
RAM_Used_MB: 15897 RAM_Free_MB: 7395
2026-08-07T01:49:57+07:00
9201, 16311, 75
RAM_Used_MB: 16102 RAM_Free_MB: 7189
2026-08-07T01:50:27+07:00
9201, 16311, 88
RAM_Used_MB: 16113 RAM_Free_MB: 7178
2026-08-07T01:50:57+07:00
9201, 16311, 92
RAM_Used_MB: 16089 RAM_Free_MB: 7202
2026-08-07T01:51:27+07:00
9201, 16311, 95
RAM_Used_MB: 15875 RAM_Free_MB: 7415
2026-08-07T01:51:57+07:00
9201, 16311, 72
RAM_Used_MB: 15938 RAM_Free_MB: 7352
2026-08-07T01:52:27+07:00
9215, 16311, 91
RAM_Used_MB: 16097 RAM_Free_MB: 7193
2026-08-07T01:52:57+07:00
9215, 16311, 93
RAM_Used_MB: 16076 RAM_Free_MB: 7214
2026-08-07T01:53:27+07:00
9201, 16311, 93
RAM_Used_MB: 16198 RAM_Free_MB: 7091
2026-08-07T01:53:57+07:00
9201, 16311, 94
RAM_Used_MB: 16197 RAM_Free_MB: 7092
2026-08-07T01:54:27+07:00
9201, 16311, 95
RAM_Used_MB: 16160 RAM_Free_MB: 7128
2026-08-07T01:54:58+07:00
9201, 16311, 94
RAM_Used_MB: 16146 RAM_Free_MB: 7139
2026-08-07T01:55:28+07:00
9201, 16311, 97
RAM_Used_MB: 16134 RAM_Free_MB: 7150
2026-08-07T01:55:58+07:00
9201, 16311, 75
RAM_Used_MB: 15811 RAM_Free_MB: 7475
2026-08-07T01:56:28+07:00
9201, 16311, 77
RAM_Used_MB: 15965 RAM_Free_MB: 7321
2026-08-07T01:56:58+07:00
9201, 16311, 74
RAM_Used_MB: 15957 RAM_Free_MB: 7329
2026-08-07T01:57:28+07:00
9201, 16311, 93
RAM_Used_MB: 16247 RAM_Free_MB: 7038
2026-08-07T01:57:58+07:00
9201, 16311, 90
RAM_Used_MB: 16088 RAM_Free_MB: 7194
2026-08-07T01:58:28+07:00
9201, 16311, 75
RAM_Used_MB: 15986 RAM_Free_MB: 7295
2026-08-07T01:58:58+07:00
9201, 16311, 88
RAM_Used_MB: 16028 RAM_Free_MB: 7255
2026-08-07T01:59:28+07:00
9201, 16311, 91
RAM_Used_MB: 16083 RAM_Free_MB: 7199
2026-08-07T01:59:58+07:00
9201, 16311, 83
RAM_Used_MB: 16007 RAM_Free_MB: 7276
2026-08-07T02:00:28+07:00
9201, 16311, 88
RAM_Used_MB: 15941 RAM_Free_MB: 7341
2026-08-07T02:00:58+07:00
9201, 16311, 76
RAM_Used_MB: 16004 RAM_Free_MB: 7278
2026-08-07T02:01:28+07:00
9201, 16311, 90
RAM_Used_MB: 16116 RAM_Free_MB: 6925
2026-08-07T02:01:58+07:00
9201, 16311, 97
RAM_Used_MB: 15863 RAM_Free_MB: 7178
2026-08-07T02:02:28+07:00
9201, 16311, 95
RAM_Used_MB: 15946 RAM_Free_MB: 7095
2026-08-07T02:02:58+07:00
9201, 16311, 82
RAM_Used_MB: 16070 RAM_Free_MB: 6971
2026-08-07T02:03:28+07:00
9215, 16311, 93
RAM_Used_MB: 16048 RAM_Free_MB: 6993
2026-08-07T02:03:58+07:00
9201, 16311, 96
RAM_Used_MB: 15963 RAM_Free_MB: 7077
2026-08-07T02:04:28+07:00
9201, 16311, 96
RAM_Used_MB: 15921 RAM_Free_MB: 7120
2026-08-07T02:04:58+07:00
9201, 16311, 97
RAM_Used_MB: 16074 RAM_Free_MB: 6963
2026-08-07T02:05:28+07:00
9203, 16311, 92
RAM_Used_MB: 16216 RAM_Free_MB: 6821
2026-08-07T02:05:58+07:00
9203, 16311, 98
RAM_Used_MB: 15959 RAM_Free_MB: 7085
2026-08-07T02:06:28+07:00
9217, 16311, 75
RAM_Used_MB: 16213 RAM_Free_MB: 6830
2026-08-07T02:06:58+07:00
9203, 16311, 93
RAM_Used_MB: 16065 RAM_Free_MB: 6979
2026-08-07T02:07:28+07:00
9203, 16311, 93
RAM_Used_MB: 16247 RAM_Free_MB: 6796
2026-08-07T02:07:58+07:00
9203, 16311, 92
RAM_Used_MB: 16133 RAM_Free_MB: 6906
2026-08-07T02:08:28+07:00
9203, 16311, 97
RAM_Used_MB: 16057 RAM_Free_MB: 6982
2026-08-07T02:08:58+07:00
9203, 16311, 82
RAM_Used_MB: 16101 RAM_Free_MB: 6940
2026-08-07T02:09:28+07:00
9203, 16311, 94
RAM_Used_MB: 16047 RAM_Free_MB: 6998
2026-08-07T02:09:58+07:00
9201, 16311, 82
RAM_Used_MB: 16125 RAM_Free_MB: 6920
2026-08-07T02:10:28+07:00
9215, 16311, 94
RAM_Used_MB: 16013 RAM_Free_MB: 7031
2026-08-07T02:10:58+07:00
9201, 16311, 94
RAM_Used_MB: 16054 RAM_Free_MB: 6990
2026-08-07T02:11:28+07:00
9201, 16311, 93
RAM_Used_MB: 15979 RAM_Free_MB: 7065
2026-08-07T02:11:58+07:00
9201, 16311, 81
RAM_Used_MB: 16103 RAM_Free_MB: 6941
2026-08-07T02:12:28+07:00
9215, 16311, 92
RAM_Used_MB: 16039 RAM_Free_MB: 7004
2026-08-07T02:12:58+07:00
9201, 16311, 93
RAM_Used_MB: 15962 RAM_Free_MB: 7081
2026-08-07T02:13:28+07:00
9201, 16311, 91
RAM_Used_MB: 16091 RAM_Free_MB: 6951
2026-08-07T02:13:58+07:00
9201, 16311, 94
RAM_Used_MB: 15922 RAM_Free_MB: 7120
2026-08-07T02:14:28+07:00
9201, 16311, 93
RAM_Used_MB: 16115 RAM_Free_MB: 6927
2026-08-07T02:14:58+07:00
9201, 16311, 94
RAM_Used_MB: 16138 RAM_Free_MB: 6900
2026-08-07T02:15:28+07:00
9201, 16311, 95
RAM_Used_MB: 16011 RAM_Free_MB: 7027
2026-08-07T02:15:58+07:00
9201, 16311, 94
RAM_Used_MB: 16167 RAM_Free_MB: 6873
2026-08-07T02:16:29+07:00
9201, 16311, 81
RAM_Used_MB: 16063 RAM_Free_MB: 6976
2026-08-07T02:16:59+07:00
9201, 16311, 92
RAM_Used_MB: 16218 RAM_Free_MB: 6820
2026-08-07T02:17:29+07:00
9201, 16311, 95
RAM_Used_MB: 15893 RAM_Free_MB: 6905
2026-08-07T02:17:59+07:00
9201, 16311, 86
RAM_Used_MB: 16108 RAM_Free_MB: 6686
2026-08-07T02:18:29+07:00
9201, 16311, 82
RAM_Used_MB: 16082 RAM_Free_MB: 6712
2026-08-07T02:18:59+07:00
9201, 16311, 93
RAM_Used_MB: 16065 RAM_Free_MB: 6730
2026-08-07T02:19:29+07:00
9215, 16311, 95
RAM_Used_MB: 15939 RAM_Free_MB: 6855
2026-08-07T02:19:59+07:00
9201, 16311, 74
RAM_Used_MB: 15954 RAM_Free_MB: 6840
2026-08-07T02:20:29+07:00
9215, 16311, 90
RAM_Used_MB: 16094 RAM_Free_MB: 6699
2026-08-07T02:20:59+07:00
9201, 16311, 84
RAM_Used_MB: 16163 RAM_Free_MB: 6630
2026-08-07T02:21:29+07:00
9201, 16311, 92
RAM_Used_MB: 16008 RAM_Free_MB: 6785
2026-08-07T02:21:59+07:00
9201, 16311, 74
RAM_Used_MB: 16072 RAM_Free_MB: 6721
2026-08-07T02:22:29+07:00
9201, 16311, 93
RAM_Used_MB: 16150 RAM_Free_MB: 6642
2026-08-07T02:22:59+07:00
9201, 16311, 95
RAM_Used_MB: 16075 RAM_Free_MB: 6717
2026-08-07T02:23:29+07:00
9201, 16311, 72
RAM_Used_MB: 16059 RAM_Free_MB: 6732
2026-08-07T02:23:59+07:00
9201, 16311, 92
RAM_Used_MB: 16084 RAM_Free_MB: 6707
2026-08-07T02:24:29+07:00
9201, 16311, 91
RAM_Used_MB: 15971 RAM_Free_MB: 6819
2026-08-07T02:24:59+07:00
9201, 16311, 77
RAM_Used_MB: 16056 RAM_Free_MB: 6731
2026-08-07T02:25:29+07:00
9201, 16311, 93
RAM_Used_MB: 16173 RAM_Free_MB: 6613
2026-08-07T02:25:59+07:00
9201, 16311, 96
RAM_Used_MB: 16038 RAM_Free_MB: 6756
2026-08-07T02:26:29+07:00
9201, 16311, 89
RAM_Used_MB: 16041 RAM_Free_MB: 6752
2026-08-07T02:26:59+07:00
9201, 16311, 73
RAM_Used_MB: 16058 RAM_Free_MB: 6735
2026-08-07T02:27:29+07:00
9201, 16311, 93
RAM_Used_MB: 15959 RAM_Free_MB: 6833
2026-08-07T02:27:59+07:00
9201, 16311, 94
RAM_Used_MB: 16086 RAM_Free_MB: 6703
2026-08-07T02:28:29+07:00
9215, 16311, 74
RAM_Used_MB: 16298 RAM_Free_MB: 6491
2026-08-07T02:28:59+07:00
9201, 16311, 88
RAM_Used_MB: 15942 RAM_Free_MB: 6848
2026-08-07T02:29:29+07:00
9201, 16311, 97
RAM_Used_MB: 16294 RAM_Free_MB: 6496
2026-08-07T02:29:59+07:00
9201, 16311, 97
RAM_Used_MB: 16112 RAM_Free_MB: 6678
2026-08-07T02:30:29+07:00
9201, 16311, 93
RAM_Used_MB: 15927 RAM_Free_MB: 6863
2026-08-07T02:30:59+07:00
9201, 16311, 95
RAM_Used_MB: 16195 RAM_Free_MB: 6595
2026-08-07T02:31:29+07:00
9201, 16311, 92
RAM_Used_MB: 16126 RAM_Free_MB: 6663
2026-08-07T02:31:59+07:00
9215, 16311, 92
RAM_Used_MB: 16156 RAM_Free_MB: 6633
2026-08-07T02:32:29+07:00
9201, 16311, 97
RAM_Used_MB: 16120 RAM_Free_MB: 6669
2026-08-07T02:32:59+07:00
9201, 16311, 78
RAM_Used_MB: 16047 RAM_Free_MB: 6742
2026-08-07T02:33:29+07:00
9201, 16311, 94
RAM_Used_MB: 15949 RAM_Free_MB: 6839
2026-08-07T02:33:59+07:00
9201, 16311, 92
RAM_Used_MB: 15979 RAM_Free_MB: 6563
2026-08-07T02:34:29+07:00
9201, 16311, 90
RAM_Used_MB: 16082 RAM_Free_MB: 6460
2026-08-07T02:34:59+07:00
9201, 16311, 95
RAM_Used_MB: 15920 RAM_Free_MB: 6619
2026-08-07T02:35:29+07:00
9201, 16311, 76
RAM_Used_MB: 16070 RAM_Free_MB: 6468
2026-08-07T02:35:59+07:00
9201, 16311, 92
RAM_Used_MB: 15993 RAM_Free_MB: 6547
2026-08-07T02:36:29+07:00
9201, 16311, 97
RAM_Used_MB: 16133 RAM_Free_MB: 6407
2026-08-07T02:36:59+07:00
9201, 16311, 91
RAM_Used_MB: 16231 RAM_Free_MB: 6309
2026-08-07T02:37:29+07:00
9201, 16311, 81
RAM_Used_MB: 16173 RAM_Free_MB: 6367
2026-08-07T02:38:00+07:00
9201, 16311, 92
RAM_Used_MB: 16118 RAM_Free_MB: 6418
2026-08-07T02:38:30+07:00
9201, 16311, 95
RAM_Used_MB: 16120 RAM_Free_MB: 6416
2026-08-07T02:39:00+07:00
9201, 16311, 93
RAM_Used_MB: 16153 RAM_Free_MB: 6384
2026-08-07T02:39:30+07:00
9201, 16311, 93
RAM_Used_MB: 15989 RAM_Free_MB: 6548
2026-08-07T02:40:00+07:00
9215, 16311, 89
RAM_Used_MB: 16113 RAM_Free_MB: 6424
2026-08-07T02:40:30+07:00
9201, 16311, 95
RAM_Used_MB: 16095 RAM_Free_MB: 6446
2026-08-07T02:41:00+07:00
9201, 16311, 97
RAM_Used_MB: 16183 RAM_Free_MB: 6358
2026-08-07T02:41:30+07:00
9201, 16311, 95
RAM_Used_MB: 16196 RAM_Free_MB: 6344
2026-08-07T02:42:00+07:00
9201, 16311, 93
RAM_Used_MB: 16151 RAM_Free_MB: 6390
2026-08-07T02:42:30+07:00
9215, 16311, 71
RAM_Used_MB: 16107 RAM_Free_MB: 6433
2026-08-07T02:43:00+07:00
9201, 16311, 95
RAM_Used_MB: 16010 RAM_Free_MB: 6530
2026-08-07T02:43:30+07:00
9201, 16311, 79
RAM_Used_MB: 16336 RAM_Free_MB: 6204
2026-08-07T02:44:00+07:00
9201, 16311, 94
RAM_Used_MB: 16238 RAM_Free_MB: 6301
2026-08-07T02:44:30+07:00
9201, 16311, 96
RAM_Used_MB: 16131 RAM_Free_MB: 6408
2026-08-07T02:45:00+07:00
9201, 16311, 94
RAM_Used_MB: 16201 RAM_Free_MB: 6334
2026-08-07T02:45:30+07:00
9201, 16311, 92
RAM_Used_MB: 16247 RAM_Free_MB: 6288
2026-08-07T02:46:00+07:00
9201, 16311, 97
RAM_Used_MB: 16118 RAM_Free_MB: 6426
2026-08-07T02:46:30+07:00
9201, 16311, 92
RAM_Used_MB: 16039 RAM_Free_MB: 6505
2026-08-07T02:47:00+07:00
9201, 16311, 75
RAM_Used_MB: 16089 RAM_Free_MB: 6454
2026-08-07T02:47:30+07:00
9201, 16311, 93
RAM_Used_MB: 15988 RAM_Free_MB: 6555
2026-08-07T02:48:00+07:00
9201, 16311, 84
RAM_Used_MB: 16116 RAM_Free_MB: 6424
2026-08-07T02:48:30+07:00
9201, 16311, 97
RAM_Used_MB: 16035 RAM_Free_MB: 6504
2026-08-07T02:49:00+07:00
9201, 16311, 90
RAM_Used_MB: 16263 RAM_Free_MB: 6278
2026-08-07T02:49:30+07:00
9201, 16311, 93
RAM_Used_MB: 16192 RAM_Free_MB: 6348
2026-08-07T02:50:00+07:00
9201, 16311, 92
RAM_Used_MB: 16101 RAM_Free_MB: 6192
2026-08-07T02:50:30+07:00
9201, 16311, 93
RAM_Used_MB: 16156 RAM_Free_MB: 6137
2026-08-07T02:51:00+07:00
9215, 16311, 92
RAM_Used_MB: 16044 RAM_Free_MB: 6249
2026-08-07T02:51:30+07:00
9201, 16311, 94
RAM_Used_MB: 15990 RAM_Free_MB: 6302
2026-08-07T02:52:00+07:00
9215, 16311, 93
RAM_Used_MB: 16023 RAM_Free_MB: 6270
2026-08-07T02:52:30+07:00
9201, 16311, 74
RAM_Used_MB: 16107 RAM_Free_MB: 6185
2026-08-07T02:53:00+07:00
9201, 16311, 93
RAM_Used_MB: 15923 RAM_Free_MB: 6369
2026-08-07T02:53:30+07:00
9201, 16311, 82
RAM_Used_MB: 15993 RAM_Free_MB: 6298
2026-08-07T02:54:00+07:00
9201, 16311, 88
RAM_Used_MB: 16032 RAM_Free_MB: 6259
2026-08-07T02:54:30+07:00
9201, 16311, 91
RAM_Used_MB: 16170 RAM_Free_MB: 6121
2026-08-07T02:55:00+07:00
9201, 16311, 92
RAM_Used_MB: 16028 RAM_Free_MB: 6259
2026-08-07T02:55:30+07:00
9201, 16311, 76
RAM_Used_MB: 16161 RAM_Free_MB: 6125
2026-08-07T02:56:00+07:00
9201, 16311, 95
RAM_Used_MB: 16082 RAM_Free_MB: 6206
2026-08-07T02:56:30+07:00
9201, 16311, 92
RAM_Used_MB: 16262 RAM_Free_MB: 6025
2026-08-07T02:57:00+07:00
9201, 16311, 75
RAM_Used_MB: 16219 RAM_Free_MB: 6068
2026-08-07T02:57:30+07:00
9201, 16311, 95
RAM_Used_MB: 15986 RAM_Free_MB: 6301
2026-08-07T02:58:00+07:00
9201, 16311, 76
RAM_Used_MB: 16048 RAM_Free_MB: 6236
2026-08-07T02:58:30+07:00
9201, 16311, 74
RAM_Used_MB: 16044 RAM_Free_MB: 6239
2026-08-07T02:59:00+07:00
9215, 16311, 91
RAM_Used_MB: 16204 RAM_Free_MB: 6081
2026-08-07T02:59:31+07:00
9213, 16311, 93
RAM_Used_MB: 16034 RAM_Free_MB: 6251
2026-08-07T03:00:01+07:00
9201, 16311, 95
RAM_Used_MB: 16050 RAM_Free_MB: 6234
2026-08-07T03:00:31+07:00
9215, 16311, 97
RAM_Used_MB: 16083 RAM_Free_MB: 6127
2026-08-07T03:01:01+07:00
9201, 16311, 70
RAM_Used_MB: 16230 RAM_Free_MB: 5979
2026-08-07T03:01:31+07:00
9201, 16311, 91
RAM_Used_MB: 16181 RAM_Free_MB: 6028
2026-08-07T03:02:01+07:00
9201, 16311, 91
RAM_Used_MB: 16173 RAM_Free_MB: 6036
2026-08-07T03:02:31+07:00
9201, 16311, 89
RAM_Used_MB: 16140 RAM_Free_MB: 6069
2026-08-07T03:03:01+07:00
9201, 16311, 87
RAM_Used_MB: 16205 RAM_Free_MB: 6003
2026-08-07T03:03:31+07:00
9201, 16311, 93
RAM_Used_MB: 16210 RAM_Free_MB: 5999
2026-08-07T03:04:01+07:00
9201, 16311, 90
RAM_Used_MB: 16058 RAM_Free_MB: 6151
2026-08-07T03:04:31+07:00
9199, 16311, 96
RAM_Used_MB: 16263 RAM_Free_MB: 5946
2026-08-07T03:05:01+07:00
9201, 16311, 95
RAM_Used_MB: 16356 RAM_Free_MB: 5849
2026-08-07T03:05:31+07:00
9201, 16311, 94
RAM_Used_MB: 16197 RAM_Free_MB: 6008
2026-08-07T03:06:01+07:00
9201, 16311, 97
RAM_Used_MB: 16238 RAM_Free_MB: 5974
2026-08-07T03:06:31+07:00
9201, 16311, 93
RAM_Used_MB: 15942 RAM_Free_MB: 6023
2026-08-07T03:07:01+07:00
9201, 16311, 91
RAM_Used_MB: 16076 RAM_Free_MB: 5888
2026-08-07T03:07:31+07:00
9201, 16311, 93
RAM_Used_MB: 16138 RAM_Free_MB: 5826
2026-08-07T03:08:01+07:00
9201, 16311, 75
RAM_Used_MB: 15960 RAM_Free_MB: 6000
2026-08-07T03:08:31+07:00
9201, 16311, 94
RAM_Used_MB: 16090 RAM_Free_MB: 5871
2026-08-07T03:09:01+07:00
9201, 16311, 95
RAM_Used_MB: 16024 RAM_Free_MB: 5939
2026-08-07T03:09:31+07:00
9201, 16311, 95
RAM_Used_MB: 16126 RAM_Free_MB: 5836
2026-08-07T03:10:01+07:00
9201, 16311, 78
RAM_Used_MB: 15984 RAM_Free_MB: 5978
2026-08-07T03:10:31+07:00
9201, 16311, 94
RAM_Used_MB: 16075 RAM_Free_MB: 5886
2026-08-07T03:11:01+07:00
9201, 16311, 91
RAM_Used_MB: 16241 RAM_Free_MB: 5724
2026-08-07T03:11:31+07:00
9201, 16311, 93
RAM_Used_MB: 16194 RAM_Free_MB: 5771
2026-08-07T03:12:01+07:00
9215, 16311, 92
RAM_Used_MB: 16106 RAM_Free_MB: 5858
2026-08-07T03:12:31+07:00
9215, 16311, 82
RAM_Used_MB: 16128 RAM_Free_MB: 5836
2026-08-07T03:13:01+07:00
9201, 16311, 95
RAM_Used_MB: 16034 RAM_Free_MB: 5929
2026-08-07T03:13:31+07:00
9201, 16311, 91
RAM_Used_MB: 16091 RAM_Free_MB: 5872
2026-08-07T03:14:01+07:00
9201, 16311, 91
RAM_Used_MB: 15961 RAM_Free_MB: 6002
2026-08-07T03:14:31+07:00
9215, 16311, 75
RAM_Used_MB: 16177 RAM_Free_MB: 5786
2026-08-07T03:15:01+07:00
9201, 16311, 92
RAM_Used_MB: 16098 RAM_Free_MB: 5861
2026-08-07T03:15:31+07:00
9215, 16311, 93
RAM_Used_MB: 16134 RAM_Free_MB: 5825
2026-08-07T03:16:01+07:00
9201, 16311, 92
RAM_Used_MB: 16163 RAM_Free_MB: 5797
2026-08-07T03:16:31+07:00
9201, 16311, 75
RAM_Used_MB: 16019 RAM_Free_MB: 5940
2026-08-07T03:17:01+07:00
9201, 16311, 94
RAM_Used_MB: 16162 RAM_Free_MB: 5797
2026-08-07T03:17:31+07:00
9201, 16311, 95
RAM_Used_MB: 16264 RAM_Free_MB: 5695
2026-08-07T03:18:01+07:00
9201, 16311, 92
RAM_Used_MB: 16267 RAM_Free_MB: 5688
2026-08-07T03:18:31+07:00
9215, 16311, 73
RAM_Used_MB: 16292 RAM_Free_MB: 5663
2026-08-07T03:19:01+07:00
9201, 16311, 96
RAM_Used_MB: 16108 RAM_Free_MB: 5849
2026-08-07T03:19:31+07:00
9199, 16311, 91
RAM_Used_MB: 16281 RAM_Free_MB: 5675
2026-08-07T03:20:01+07:00
9201, 16311, 93
RAM_Used_MB: 16260 RAM_Free_MB: 5695
2026-08-07T03:20:32+07:00
9215, 16311, 92
RAM_Used_MB: 16112 RAM_Free_MB: 5844
2026-08-07T03:21:02+07:00
9201, 16311, 92
RAM_Used_MB: 16190 RAM_Free_MB: 5765
2026-08-07T03:21:32+07:00
9215, 16311, 93
RAM_Used_MB: 16304 RAM_Free_MB: 5651
2026-08-07T03:22:02+07:00
9201, 16311, 91
RAM_Used_MB: 16101 RAM_Free_MB: 5854
2026-08-07T03:22:32+07:00
9201, 16311, 85
RAM_Used_MB: 16150 RAM_Free_MB: 5558
2026-08-07T03:23:02+07:00
9201, 16311, 97
RAM_Used_MB: 16242 RAM_Free_MB: 5465
2026-08-07T03:23:32+07:00
9201, 16311, 91
RAM_Used_MB: 15719 RAM_Free_MB: 5989
2026-08-07T03:24:02+07:00
9201, 16311, 90
RAM_Used_MB: 16039 RAM_Free_MB: 5668
2026-08-07T03:24:32+07:00
9201, 16311, 95
RAM_Used_MB: 16054 RAM_Free_MB: 5653
2026-08-07T03:25:02+07:00
9201, 16311, 96
RAM_Used_MB: 16011 RAM_Free_MB: 5692
2026-08-07T03:25:32+07:00
9201, 16311, 95
RAM_Used_MB: 16192 RAM_Free_MB: 5511
2026-08-07T03:26:02+07:00
9201, 16311, 95
RAM_Used_MB: 16104 RAM_Free_MB: 5606
2026-08-07T03:26:32+07:00
9201, 16311, 78
RAM_Used_MB: 16015 RAM_Free_MB: 5694
2026-08-07T03:27:02+07:00
9201, 16311, 89
RAM_Used_MB: 16135 RAM_Free_MB: 5574
2026-08-07T03:27:32+07:00
9201, 16311, 74
RAM_Used_MB: 16099 RAM_Free_MB: 5609
2026-08-07T03:28:02+07:00
9203, 16311, 75
RAM_Used_MB: 15990 RAM_Free_MB: 5715
2026-08-07T03:28:32+07:00
9203, 16311, 84
RAM_Used_MB: 16257 RAM_Free_MB: 5448
2026-08-07T03:29:02+07:00
9203, 16311, 81
RAM_Used_MB: 16113 RAM_Free_MB: 5594
2026-08-07T03:29:32+07:00
9201, 16311, 77
RAM_Used_MB: 16209 RAM_Free_MB: 5497
2026-08-07T03:30:02+07:00
9201, 16311, 97
RAM_Used_MB: 16085 RAM_Free_MB: 5621
2026-08-07T03:30:32+07:00
9201, 16311, 91
RAM_Used_MB: 16093 RAM_Free_MB: 5612
2026-08-07T03:31:02+07:00
9201, 16311, 92
RAM_Used_MB: 16135 RAM_Free_MB: 5570
2026-08-07T03:31:32+07:00
9201, 16311, 92
RAM_Used_MB: 15988 RAM_Free_MB: 5717
2026-08-07T03:32:02+07:00
9215, 16311, 93
RAM_Used_MB: 16085 RAM_Free_MB: 5620
2026-08-07T03:32:32+07:00
9201, 16311, 92
RAM_Used_MB: 16167 RAM_Free_MB: 5538
2026-08-07T03:33:02+07:00
9215, 16311, 92
RAM_Used_MB: 16264 RAM_Free_MB: 5441
2026-08-07T03:33:32+07:00
9201, 16311, 43
RAM_Used_MB: 16321 RAM_Free_MB: 5383
2026-08-07T03:34:02+07:00
9215, 16311, 90
RAM_Used_MB: 16173 RAM_Free_MB: 5532
2026-08-07T03:34:32+07:00
9201, 16311, 91
RAM_Used_MB: 16124 RAM_Free_MB: 5580
2026-08-07T03:35:02+07:00
9201, 16311, 94
RAM_Used_MB: 16252 RAM_Free_MB: 5449
2026-08-07T03:35:32+07:00
9201, 16311, 77
RAM_Used_MB: 16037 RAM_Free_MB: 5664
2026-08-07T03:36:02+07:00
9201, 16311, 88
RAM_Used_MB: 16155 RAM_Free_MB: 5548
2026-08-07T03:36:32+07:00
9201, 16311, 92
RAM_Used_MB: 16117 RAM_Free_MB: 5584
2026-08-07T03:37:02+07:00
9201, 16311, 93
RAM_Used_MB: 16176 RAM_Free_MB: 5526
2026-08-07T03:37:32+07:00
9215, 16311, 95
RAM_Used_MB: 16265 RAM_Free_MB: 5436
2026-08-07T03:38:02+07:00
9201, 16311, 95
RAM_Used_MB: 15984 RAM_Free_MB: 5714
2026-08-07T03:38:32+07:00
9201, 16311, 92
RAM_Used_MB: 16400 RAM_Free_MB: 5298
2026-08-07T03:39:02+07:00
9201, 16311, 89
RAM_Used_MB: 15951 RAM_Free_MB: 5502
2026-08-07T03:39:32+07:00
9201, 16311, 96
RAM_Used_MB: 16006 RAM_Free_MB: 5447
2026-08-07T03:40:02+07:00
9201, 16311, 94
RAM_Used_MB: 16169 RAM_Free_MB: 5284
2026-08-07T03:40:32+07:00
9201, 16311, 93
RAM_Used_MB: 16206 RAM_Free_MB: 5247
2026-08-07T03:41:02+07:00
9201, 16311, 93
RAM_Used_MB: 16222 RAM_Free_MB: 5231
2026-08-07T03:41:33+07:00
9201, 16311, 93
RAM_Used_MB: 16279 RAM_Free_MB: 5173
2026-08-07T03:42:03+07:00
9201, 16311, 76
RAM_Used_MB: 16125 RAM_Free_MB: 5327
2026-08-07T03:42:33+07:00
9201, 16311, 94
RAM_Used_MB: 16153 RAM_Free_MB: 5303
2026-08-07T03:43:03+07:00
9201, 16311, 94
RAM_Used_MB: 16221 RAM_Free_MB: 5235
2026-08-07T03:43:33+07:00
9201, 16311, 95
RAM_Used_MB: 16005 RAM_Free_MB: 5451
2026-08-07T03:44:03+07:00
9201, 16311, 95
RAM_Used_MB: 16179 RAM_Free_MB: 5275
2026-08-07T03:44:33+07:00
9201, 16311, 81
RAM_Used_MB: 16294 RAM_Free_MB: 5160
2026-08-07T03:45:03+07:00
9201, 16311, 93
RAM_Used_MB: 16069 RAM_Free_MB: 5382
2026-08-07T03:45:33+07:00
9215, 16311, 91
RAM_Used_MB: 16234 RAM_Free_MB: 5216
2026-08-07T03:46:03+07:00
9201, 16311, 94
RAM_Used_MB: 16220 RAM_Free_MB: 5237
2026-08-07T03:46:33+07:00
9201, 16311, 75
RAM_Used_MB: 16311 RAM_Free_MB: 5146
2026-08-07T03:47:03+07:00
9201, 16311, 94
RAM_Used_MB: 16099 RAM_Free_MB: 5358
2026-08-07T03:47:33+07:00
9201, 16311, 72
RAM_Used_MB: 16248 RAM_Free_MB: 5209
2026-08-07T03:48:03+07:00
9215, 16311, 92
RAM_Used_MB: 16163 RAM_Free_MB: 5290
2026-08-07T03:48:33+07:00
9201, 16311, 95
RAM_Used_MB: 16252 RAM_Free_MB: 5201
2026-08-07T03:49:03+07:00
9201, 16311, 95
RAM_Used_MB: 16304 RAM_Free_MB: 5151
2026-08-07T03:49:33+07:00
9201, 16311, 94
RAM_Used_MB: 16298 RAM_Free_MB: 5156
2026-08-07T03:50:03+07:00
9201, 16311, 72
RAM_Used_MB: 16305 RAM_Free_MB: 5148
2026-08-07T03:50:33+07:00
9215, 16311, 91
RAM_Used_MB: 16129 RAM_Free_MB: 5324
2026-08-07T03:51:03+07:00
9201, 16311, 80
RAM_Used_MB: 16321 RAM_Free_MB: 5132
2026-08-07T03:51:33+07:00
9201, 16311, 75
RAM_Used_MB: 16269 RAM_Free_MB: 5184
2026-08-07T03:52:03+07:00
9201, 16311, 75
RAM_Used_MB: 16261 RAM_Free_MB: 5192
2026-08-07T03:52:33+07:00
9201, 16311, 95
RAM_Used_MB: 16282 RAM_Free_MB: 5171
2026-08-07T03:53:03+07:00
9215, 16311, 86
RAM_Used_MB: 16344 RAM_Free_MB: 5108
2026-08-07T03:53:33+07:00
9201, 16311, 74
RAM_Used_MB: 16305 RAM_Free_MB: 5147
2026-08-07T03:54:03+07:00
9215, 16311, 82
RAM_Used_MB: 16319 RAM_Free_MB: 5133
2026-08-07T03:54:33+07:00
9201, 16311, 94
RAM_Used_MB: 16243 RAM_Free_MB: 5208
2026-08-07T03:55:03+07:00
9201, 16311, 97
RAM_Used_MB: 16210 RAM_Free_MB: 5238
2026-08-07T03:55:33+07:00
9215, 16311, 76
RAM_Used_MB: 15926 RAM_Free_MB: 5274
2026-08-07T03:56:03+07:00
9201, 16311, 94
RAM_Used_MB: 15977 RAM_Free_MB: 5225
2026-08-07T03:56:33+07:00
9201, 16311, 95
RAM_Used_MB: 16331 RAM_Free_MB: 4871
2026-08-07T03:57:03+07:00
9215, 16311, 84
RAM_Used_MB: 16301 RAM_Free_MB: 4901
2026-08-07T03:57:33+07:00
9215, 16311, 93
RAM_Used_MB: 16149 RAM_Free_MB: 5052
2026-08-07T03:58:03+07:00
9201, 16311, 94
RAM_Used_MB: 16069 RAM_Free_MB: 5128
2026-08-07T03:58:33+07:00
9201, 16311, 93
RAM_Used_MB: 16191 RAM_Free_MB: 5006
2026-08-07T03:59:03+07:00
9201, 16311, 91
RAM_Used_MB: 16183 RAM_Free_MB: 5016
2026-08-07T03:59:33+07:00
9215, 16311, 83
RAM_Used_MB: 16252 RAM_Free_MB: 4947
2026-08-07T04:00:03+07:00
9201, 16311, 81
RAM_Used_MB: 16164 RAM_Free_MB: 5034
2026-08-07T04:00:33+07:00
9201, 16311, 93
RAM_Used_MB: 16208 RAM_Free_MB: 4990
2026-08-07T04:01:03+07:00
9215, 16311, 91
RAM_Used_MB: 16059 RAM_Free_MB: 5141
2026-08-07T04:01:33+07:00
9215, 16311, 93
RAM_Used_MB: 16165 RAM_Free_MB: 5035
2026-08-07T04:02:03+07:00
9201, 16311, 89
RAM_Used_MB: 16195 RAM_Free_MB: 5005
2026-08-07T04:02:33+07:00
9201, 16311, 93
RAM_Used_MB: 16291 RAM_Free_MB: 4908
2026-08-07T04:03:04+07:00
9201, 16311, 93
RAM_Used_MB: 16324 RAM_Free_MB: 4875
2026-08-07T04:03:34+07:00
9201, 16311, 76
RAM_Used_MB: 16233 RAM_Free_MB: 4966
2026-08-07T04:04:04+07:00
9201, 16311, 94
RAM_Used_MB: 16177 RAM_Free_MB: 5021
2026-08-07T04:04:34+07:00
9201, 16311, 91
RAM_Used_MB: 16335 RAM_Free_MB: 4863
2026-08-07T04:05:04+07:00
9201, 16311, 91
RAM_Used_MB: 16303 RAM_Free_MB: 4892
2026-08-07T04:05:34+07:00
9201, 16311, 93
RAM_Used_MB: 16252 RAM_Free_MB: 4942
2026-08-07T04:06:04+07:00
9201, 16311, 76
RAM_Used_MB: 16159 RAM_Free_MB: 5042
2026-08-07T04:06:34+07:00
9201, 16311, 92
RAM_Used_MB: 16036 RAM_Free_MB: 5165
2026-08-07T04:07:04+07:00
9201, 16311, 92
RAM_Used_MB: 16258 RAM_Free_MB: 4943
2026-08-07T04:07:34+07:00
9201, 16311, 93
RAM_Used_MB: 16291 RAM_Free_MB: 4910
2026-08-07T04:08:04+07:00
9201, 16311, 97
RAM_Used_MB: 16226 RAM_Free_MB: 4971
2026-08-07T04:08:34+07:00
9215, 16311, 95
RAM_Used_MB: 16216 RAM_Free_MB: 4981
2026-08-07T04:09:04+07:00
9201, 16311, 92
RAM_Used_MB: 16192 RAM_Free_MB: 5007
2026-08-07T04:09:34+07:00
9201, 16311, 91
RAM_Used_MB: 16313 RAM_Free_MB: 4886
2026-08-07T04:10:04+07:00
9201, 16311, 93
RAM_Used_MB: 16412 RAM_Free_MB: 4786
2026-08-07T04:10:34+07:00
9201, 16311, 93
RAM_Used_MB: 16141 RAM_Free_MB: 5058
2026-08-07T04:11:04+07:00
9201, 16311, 78
RAM_Used_MB: 16358 RAM_Free_MB: 4840
2026-08-07T04:11:34+07:00
9201, 16311, 89
RAM_Used_MB: 16144 RAM_Free_MB: 5053
2026-08-07T04:12:04+07:00
9201, 16311, 91
RAM_Used_MB: 16183 RAM_Free_MB: 4768
2026-08-07T04:12:34+07:00
9201, 16311, 73
RAM_Used_MB: 16190 RAM_Free_MB: 4761
2026-08-07T04:13:04+07:00
9201, 16311, 80
RAM_Used_MB: 16143 RAM_Free_MB: 4808
2026-08-07T04:13:34+07:00
9201, 16311, 92
RAM_Used_MB: 16215 RAM_Free_MB: 4735
2026-08-07T04:14:04+07:00
9201, 16311, 92
RAM_Used_MB: 16099 RAM_Free_MB: 4855
2026-08-07T04:14:34+07:00
9201, 16311, 84
RAM_Used_MB: 16163 RAM_Free_MB: 4791
2026-08-07T04:15:04+07:00
9201, 16311, 92
RAM_Used_MB: 16376 RAM_Free_MB: 4574
2026-08-07T04:15:34+07:00
9201, 16311, 81
RAM_Used_MB: 16236 RAM_Free_MB: 4713
2026-08-07T04:16:04+07:00
9215, 16311, 83
RAM_Used_MB: 16364 RAM_Free_MB: 4587
2026-08-07T04:16:34+07:00
9201, 16311, 79
RAM_Used_MB: 16168 RAM_Free_MB: 4783
2026-08-07T04:17:04+07:00
9215, 16311, 94
RAM_Used_MB: 16377 RAM_Free_MB: 4573
2026-08-07T04:17:34+07:00
9201, 16311, 91
RAM_Used_MB: 16327 RAM_Free_MB: 4623
2026-08-07T04:18:04+07:00
9201, 16311, 87
RAM_Used_MB: 16392 RAM_Free_MB: 4554
2026-08-07T04:18:34+07:00
9201, 16311, 81
RAM_Used_MB: 16135 RAM_Free_MB: 4811
2026-08-07T04:19:04+07:00
9201, 16311, 97
RAM_Used_MB: 16133 RAM_Free_MB: 4814
2026-08-07T04:19:34+07:00
9201, 16311, 94
RAM_Used_MB: 16176 RAM_Free_MB: 4771
2026-08-07T04:20:04+07:00
9201, 16311, 94
RAM_Used_MB: 16482 RAM_Free_MB: 4465
2026-08-07T04:20:34+07:00
9201, 16311, 95
RAM_Used_MB: 16245 RAM_Free_MB: 4702
2026-08-07T04:21:04+07:00
9215, 16311, 93
RAM_Used_MB: 16477 RAM_Free_MB: 4469
2026-08-07T04:21:34+07:00
9201, 16311, 75
RAM_Used_MB: 16212 RAM_Free_MB: 4735
2026-08-07T04:22:04+07:00
9203, 16311, 75
RAM_Used_MB: 16233 RAM_Free_MB: 4713
2026-08-07T04:22:34+07:00
9203, 16311, 90
RAM_Used_MB: 16260 RAM_Free_MB: 4686
2026-08-07T04:23:04+07:00
9203, 16311, 95
RAM_Used_MB: 16443 RAM_Free_MB: 4503
2026-08-07T04:23:34+07:00
9203, 16311, 94
RAM_Used_MB: 16312 RAM_Free_MB: 4633
2026-08-07T04:24:04+07:00
9203, 16311, 94
RAM_Used_MB: 16243 RAM_Free_MB: 4702
2026-08-07T04:24:35+07:00
9201, 16311, 92
RAM_Used_MB: 16348 RAM_Free_MB: 4596
2026-08-07T04:25:05+07:00
9201, 16311, 92
RAM_Used_MB: 16236 RAM_Free_MB: 4705
2026-08-07T04:25:35+07:00
9215, 16311, 93
RAM_Used_MB: 16264 RAM_Free_MB: 4676
2026-08-07T04:26:05+07:00
9201, 16311, 95
RAM_Used_MB: 16441 RAM_Free_MB: 4507
2026-08-07T04:26:35+07:00
9201, 16311, 96
RAM_Used_MB: 16344 RAM_Free_MB: 4603
2026-08-07T04:27:05+07:00
9201, 16311, 87
RAM_Used_MB: 16489 RAM_Free_MB: 4457
2026-08-07T04:27:35+07:00
9201, 16311, 73
RAM_Used_MB: 16122 RAM_Free_MB: 4824
2026-08-07T04:28:05+07:00
9201, 16311, 85
RAM_Used_MB: 15906 RAM_Free_MB: 4790
2026-08-07T04:28:35+07:00
9201, 16311, 79
RAM_Used_MB: 16130 RAM_Free_MB: 4566
2026-08-07T04:29:05+07:00
9201, 16311, 74
RAM_Used_MB: 16265 RAM_Free_MB: 4432
2026-08-07T04:29:35+07:00
9201, 16311, 72
RAM_Used_MB: 16111 RAM_Free_MB: 4586
2026-08-07T04:30:05+07:00
9201, 16311, 83
RAM_Used_MB: 16140 RAM_Free_MB: 4557
2026-08-07T04:30:35+07:00
9201, 16311, 95
RAM_Used_MB: 16086 RAM_Free_MB: 4610
2026-08-07T04:31:05+07:00
9201, 16311, 93
RAM_Used_MB: 16201 RAM_Free_MB: 4495
2026-08-07T04:31:35+07:00
9201, 16311, 95
RAM_Used_MB: 16250 RAM_Free_MB: 4446
2026-08-07T04:32:05+07:00
9201, 16311, 95
RAM_Used_MB: 16240 RAM_Free_MB: 4456
2026-08-07T04:32:35+07:00
9201, 16311, 95
RAM_Used_MB: 16463 RAM_Free_MB: 4232
2026-08-07T04:33:05+07:00
9201, 16311, 77
RAM_Used_MB: 16102 RAM_Free_MB: 4593
2026-08-07T04:33:35+07:00
9201, 16311, 77
RAM_Used_MB: 16117 RAM_Free_MB: 4578
2026-08-07T04:34:05+07:00
9201, 16311, 92
RAM_Used_MB: 16187 RAM_Free_MB: 4507
2026-08-07T04:34:35+07:00
9201, 16311, 78
RAM_Used_MB: 16206 RAM_Free_MB: 4489
2026-08-07T04:35:05+07:00
9201, 16311, 94
RAM_Used_MB: 16312 RAM_Free_MB: 4378
2026-08-07T04:35:35+07:00
9201, 16311, 95
RAM_Used_MB: 16109 RAM_Free_MB: 4581
2026-08-07T04:36:05+07:00
9201, 16311, 94
RAM_Used_MB: 16277 RAM_Free_MB: 4415
2026-08-07T04:36:35+07:00
9201, 16311, 94
RAM_Used_MB: 16227 RAM_Free_MB: 4465
2026-08-07T04:37:05+07:00
9201, 16311, 97
RAM_Used_MB: 16334 RAM_Free_MB: 4357
2026-08-07T04:37:35+07:00
9201, 16311, 88
RAM_Used_MB: 16125 RAM_Free_MB: 4567
2026-08-07T04:38:05+07:00
9201, 16311, 90
RAM_Used_MB: 16215 RAM_Free_MB: 4472
2026-08-07T04:38:35+07:00
9201, 16311, 91
RAM_Used_MB: 15892 RAM_Free_MB: 4796
2026-08-07T04:39:05+07:00
9215, 16311, 93
RAM_Used_MB: 16248 RAM_Free_MB: 4442
2026-08-07T04:39:35+07:00
9201, 16311, 91
RAM_Used_MB: 16289 RAM_Free_MB: 4401
2026-08-07T04:40:05+07:00
9201, 16311, 97
RAM_Used_MB: 16221 RAM_Free_MB: 4468
2026-08-07T04:40:35+07:00
9215, 16311, 93
RAM_Used_MB: 16183 RAM_Free_MB: 4506
2026-08-07T04:41:05+07:00
9201, 16311, 92
RAM_Used_MB: 16135 RAM_Free_MB: 4553
2026-08-07T04:41:35+07:00
9215, 16311, 94
RAM_Used_MB: 16090 RAM_Free_MB: 4598
2026-08-07T04:42:05+07:00
9201, 16311, 92
RAM_Used_MB: 16164 RAM_Free_MB: 4524
2026-08-07T04:42:35+07:00
9201, 16311, 93
RAM_Used_MB: 16226 RAM_Free_MB: 4462
2026-08-07T04:43:05+07:00
9215, 16311, 80
RAM_Used_MB: 16396 RAM_Free_MB: 4292
2026-08-07T04:43:35+07:00
9201, 16311, 95
RAM_Used_MB: 16162 RAM_Free_MB: 4526
2026-08-07T04:44:05+07:00
9201, 16311, 96
RAM_Used_MB: 16138 RAM_Free_MB: 4554
2026-08-07T04:44:35+07:00
9215, 16311, 73
RAM_Used_MB: 16009 RAM_Free_MB: 4436
2026-08-07T04:45:05+07:00
9201, 16311, 72
RAM_Used_MB: 16411 RAM_Free_MB: 4030
2026-08-07T04:45:36+07:00
9201, 16311, 75
RAM_Used_MB: 16130 RAM_Free_MB: 4310
2026-08-07T04:46:06+07:00
9215, 16311, 93
RAM_Used_MB: 16114 RAM_Free_MB: 4333
2026-08-07T04:46:36+07:00
9201, 16311, 92
RAM_Used_MB: 16293 RAM_Free_MB: 4154
2026-08-07T04:47:06+07:00
9201, 16311, 76
RAM_Used_MB: 16237 RAM_Free_MB: 4210
2026-08-07T04:47:36+07:00
9215, 16311, 81
RAM_Used_MB: 16242 RAM_Free_MB: 4204
2026-08-07T04:48:06+07:00
9201, 16311, 73
RAM_Used_MB: 16438 RAM_Free_MB: 4005
2026-08-07T04:48:36+07:00
9201, 16311, 91
RAM_Used_MB: 16423 RAM_Free_MB: 4019
2026-08-07T04:49:06+07:00
9201, 16311, 94
RAM_Used_MB: 16432 RAM_Free_MB: 4012
2026-08-07T04:49:36+07:00
9201, 16311, 92
RAM_Used_MB: 16252 RAM_Free_MB: 4192
2026-08-07T04:50:06+07:00
9215, 16311, 95
RAM_Used_MB: 16336 RAM_Free_MB: 4107
2026-08-07T04:50:36+07:00
9201, 16311, 92
RAM_Used_MB: 16257 RAM_Free_MB: 4187
2026-08-07T04:51:06+07:00
9201, 16311, 93
RAM_Used_MB: 16263 RAM_Free_MB: 4180
2026-08-07T04:51:36+07:00
9201, 16311, 95
RAM_Used_MB: 16078 RAM_Free_MB: 4365
2026-08-07T04:52:06+07:00
9201, 16311, 94
RAM_Used_MB: 16226 RAM_Free_MB: 4217
2026-08-07T04:52:36+07:00
9201, 16311, 91
RAM_Used_MB: 16321 RAM_Free_MB: 4121
2026-08-07T04:53:06+07:00
9215, 16311, 95
RAM_Used_MB: 16284 RAM_Free_MB: 4158
2026-08-07T04:53:36+07:00
9215, 16311, 91
RAM_Used_MB: 16341 RAM_Free_MB: 4101
2026-08-07T04:54:06+07:00
9201, 16311, 91
RAM_Used_MB: 16233 RAM_Free_MB: 4209
2026-08-07T04:54:36+07:00
9201, 16311, 92
RAM_Used_MB: 16218 RAM_Free_MB: 4223
2026-08-07T04:55:06+07:00
9201, 16311, 91
RAM_Used_MB: 16436 RAM_Free_MB: 4001
2026-08-07T04:55:36+07:00
9201, 16311, 91
RAM_Used_MB: 16202 RAM_Free_MB: 4235
2026-08-07T04:56:06+07:00
9201, 16311, 93
RAM_Used_MB: 16214 RAM_Free_MB: 4225
2026-08-07T04:56:36+07:00
9201, 16311, 92
RAM_Used_MB: 16111 RAM_Free_MB: 4327
2026-08-07T04:57:06+07:00
9201, 16311, 92
RAM_Used_MB: 16290 RAM_Free_MB: 4148
2026-08-07T04:57:36+07:00
9201, 16311, 79
RAM_Used_MB: 16390 RAM_Free_MB: 4048
2026-08-07T04:58:06+07:00
9201, 16311, 93
RAM_Used_MB: 16357 RAM_Free_MB: 4076
2026-08-07T04:58:36+07:00
9201, 16311, 97
RAM_Used_MB: 16293 RAM_Free_MB: 4141
2026-08-07T04:59:06+07:00
9201, 16311, 95
RAM_Used_MB: 16197 RAM_Free_MB: 4237
2026-08-07T04:59:36+07:00
9201, 16311, 94
RAM_Used_MB: 16221 RAM_Free_MB: 4214
2026-08-07T05:00:06+07:00
9201, 16311, 85
RAM_Used_MB: 16401 RAM_Free_MB: 4034
2026-08-07T05:00:36+07:00
9201, 16311, 97
RAM_Used_MB: 16331 RAM_Free_MB: 4103
2026-08-07T05:01:06+07:00
9201, 16311, 95
RAM_Used_MB: 16129 RAM_Free_MB: 4059
2026-08-07T05:01:36+07:00
9201, 16311, 97
RAM_Used_MB: 16149 RAM_Free_MB: 4038
2026-08-07T05:02:06+07:00
9215, 16311, 93
RAM_Used_MB: 16187 RAM_Free_MB: 4000
2026-08-07T05:02:36+07:00
9201, 16311, 98
RAM_Used_MB: 16142 RAM_Free_MB: 4044
2026-08-07T05:03:06+07:00
9201, 16311, 92
RAM_Used_MB: 16196 RAM_Free_MB: 3990
2026-08-07T05:03:36+07:00
9201, 16311, 93
RAM_Used_MB: 16359 RAM_Free_MB: 3827
2026-08-07T05:04:06+07:00
9201, 16311, 74
RAM_Used_MB: 16315 RAM_Free_MB: 3870
2026-08-07T05:04:36+07:00
9201, 16311, 84
RAM_Used_MB: 16125 RAM_Free_MB: 4061
2026-08-07T05:05:06+07:00
9201, 16311, 95
RAM_Used_MB: 16420 RAM_Free_MB: 3762
2026-08-07T05:05:36+07:00
9201, 16311, 95
RAM_Used_MB: 16401 RAM_Free_MB: 3781
2026-08-07T05:06:06+07:00
9201, 16311, 98
RAM_Used_MB: 16306 RAM_Free_MB: 3882
2026-08-07T05:06:36+07:00
9201, 16311, 92
RAM_Used_MB: 16310 RAM_Free_MB: 3879
2026-08-07T05:07:07+07:00
9201, 16311, 88
RAM_Used_MB: 16306 RAM_Free_MB: 3882
2026-08-07T05:07:37+07:00
9201, 16311, 96
RAM_Used_MB: 16251 RAM_Free_MB: 3937
2026-08-07T05:08:07+07:00
9201, 16311, 95
RAM_Used_MB: 16500 RAM_Free_MB: 3685
2026-08-07T05:08:37+07:00
9201, 16311, 94
RAM_Used_MB: 16224 RAM_Free_MB: 3960
2026-08-07T05:09:07+07:00
9203, 16311, 95
RAM_Used_MB: 16507 RAM_Free_MB: 3679
2026-08-07T05:09:37+07:00
9215, 16311, 94
RAM_Used_MB: 16522 RAM_Free_MB: 3664
2026-08-07T05:10:07+07:00
9201, 16311, 95
RAM_Used_MB: 16405 RAM_Free_MB: 3781
2026-08-07T05:10:37+07:00
9201, 16311, 94
RAM_Used_MB: 16280 RAM_Free_MB: 3906
2026-08-07T05:11:07+07:00
9201, 16311, 95
RAM_Used_MB: 16310 RAM_Free_MB: 3876
2026-08-07T05:11:37+07:00
9201, 16311, 93
RAM_Used_MB: 16429 RAM_Free_MB: 3756
2026-08-07T05:12:07+07:00
9201, 16311, 95
RAM_Used_MB: 16355 RAM_Free_MB: 3830
2026-08-07T05:12:37+07:00
9215, 16311, 73
RAM_Used_MB: 16150 RAM_Free_MB: 4035
2026-08-07T05:13:07+07:00
9201, 16311, 92
RAM_Used_MB: 16179 RAM_Free_MB: 4005
2026-08-07T05:13:37+07:00
9215, 16311, 93
RAM_Used_MB: 16346 RAM_Free_MB: 3838
2026-08-07T05:14:07+07:00
9201, 16311, 95
RAM_Used_MB: 16381 RAM_Free_MB: 3807
2026-08-07T05:14:37+07:00
9201, 16311, 95
RAM_Used_MB: 16357 RAM_Free_MB: 3831
2026-08-07T05:15:07+07:00
9215, 16311, 93
RAM_Used_MB: 16351 RAM_Free_MB: 3834
2026-08-07T05:15:37+07:00
9201, 16311, 91
RAM_Used_MB: 16225 RAM_Free_MB: 3959
2026-08-07T05:16:07+07:00
9201, 16311, 79
RAM_Used_MB: 16248 RAM_Free_MB: 3938
2026-08-07T05:16:37+07:00
9201, 16311, 90
RAM_Used_MB: 16353 RAM_Free_MB: 3833
2026-08-07T05:17:07+07:00
9201, 16311, 91
RAM_Used_MB: 16455 RAM_Free_MB: 3732
2026-08-07T05:17:37+07:00
9201, 16311, 94
RAM_Used_MB: 16247 RAM_Free_MB: 3694
2026-08-07T05:18:07+07:00
9201, 16311, 95
RAM_Used_MB: 16302 RAM_Free_MB: 3634
2026-08-07T05:18:37+07:00
9201, 16311, 91
RAM_Used_MB: 16247 RAM_Free_MB: 3689
2026-08-07T05:19:07+07:00
9201, 16311, 92
RAM_Used_MB: 16287 RAM_Free_MB: 3651
2026-08-07T05:19:37+07:00
9201, 16311, 93
RAM_Used_MB: 16183 RAM_Free_MB: 3755
2026-08-07T05:20:07+07:00
9201, 16311, 93
RAM_Used_MB: 16186 RAM_Free_MB: 3752
2026-08-07T05:20:37+07:00
9215, 16311, 74
RAM_Used_MB: 16066 RAM_Free_MB: 3870
2026-08-07T05:21:07+07:00
9201, 16311, 95
RAM_Used_MB: 16055 RAM_Free_MB: 3881
2026-08-07T05:21:37+07:00
9201, 16311, 92
RAM_Used_MB: 16179 RAM_Free_MB: 3757
2026-08-07T05:22:07+07:00
9201, 16311, 97
RAM_Used_MB: 16119 RAM_Free_MB: 3817
2026-08-07T05:22:37+07:00
9201, 16311, 94
RAM_Used_MB: 16197 RAM_Free_MB: 3739
2026-08-07T05:23:07+07:00
9201, 16311, 95
RAM_Used_MB: 16243 RAM_Free_MB: 3692
2026-08-07T05:23:37+07:00
9201, 16311, 95
RAM_Used_MB: 16341 RAM_Free_MB: 3594
2026-08-07T05:24:07+07:00
9201, 16311, 92
RAM_Used_MB: 16369 RAM_Free_MB: 3566
2026-08-07T05:24:37+07:00
9201, 16311, 92
RAM_Used_MB: 16325 RAM_Free_MB: 3609
2026-08-07T05:25:07+07:00
9201, 16311, 90
RAM_Used_MB: 16336 RAM_Free_MB: 3594
2026-08-07T05:25:37+07:00
9201, 16311, 93
RAM_Used_MB: 16369 RAM_Free_MB: 3561
2026-08-07T05:26:07+07:00
9201, 16311, 98
RAM_Used_MB: 16211 RAM_Free_MB: 3726
2026-08-07T05:26:37+07:00
9201, 16311, 95
RAM_Used_MB: 16368 RAM_Free_MB: 3568
2026-08-07T05:27:07+07:00
9201, 16311, 92
RAM_Used_MB: 16271 RAM_Free_MB: 3666
2026-08-07T05:27:37+07:00
9201, 16311, 97
RAM_Used_MB: 16302 RAM_Free_MB: 3634
2026-08-07T05:28:07+07:00
9201, 16311, 75
RAM_Used_MB: 16273 RAM_Free_MB: 3660
2026-08-07T05:28:37+07:00
9215, 16311, 75
RAM_Used_MB: 16282 RAM_Free_MB: 3650
2026-08-07T05:29:07+07:00
9201, 16311, 73
RAM_Used_MB: 16319 RAM_Free_MB: 3614
2026-08-07T05:29:38+07:00
9201, 16311, 83
RAM_Used_MB: 16345 RAM_Free_MB: 3588
2026-08-07T05:30:08+07:00
9215, 16311, 91
RAM_Used_MB: 16408 RAM_Free_MB: 3525
2026-08-07T05:30:38+07:00
9201, 16311, 95
RAM_Used_MB: 16349 RAM_Free_MB: 3583
2026-08-07T05:31:08+07:00
9215, 16311, 96
RAM_Used_MB: 16313 RAM_Free_MB: 3619
2026-08-07T05:31:38+07:00
9201, 16311, 93
RAM_Used_MB: 16542 RAM_Free_MB: 3390
2026-08-07T05:32:08+07:00
9201, 16311, 91
RAM_Used_MB: 16525 RAM_Free_MB: 3406
2026-08-07T05:32:38+07:00
9215, 16311, 91
RAM_Used_MB: 16447 RAM_Free_MB: 3484
2026-08-07T05:33:08+07:00
9201, 16311, 92
RAM_Used_MB: 16303 RAM_Free_MB: 3628
2026-08-07T05:33:38+07:00
9201, 16311, 90
RAM_Used_MB: 16358 RAM_Free_MB: 3327
2026-08-07T05:34:08+07:00
9201, 16311, 93
RAM_Used_MB: 16391 RAM_Free_MB: 3293
2026-08-07T05:34:38+07:00
9201, 16311, 95
RAM_Used_MB: 16224 RAM_Free_MB: 3459
2026-08-07T05:35:08+07:00
9201, 16311, 97
RAM_Used_MB: 16354 RAM_Free_MB: 3326
2026-08-07T05:35:38+07:00
9201, 16311, 74
RAM_Used_MB: 16195 RAM_Free_MB: 3485
2026-08-07T05:36:08+07:00
9201, 16311, 81
RAM_Used_MB: 16300 RAM_Free_MB: 3382
2026-08-07T05:36:38+07:00
9201, 16311, 87
RAM_Used_MB: 16267 RAM_Free_MB: 3414
2026-08-07T05:37:08+07:00
9201, 16311, 77
RAM_Used_MB: 16402 RAM_Free_MB: 3280
2026-08-07T05:37:38+07:00
9201, 16311, 73
RAM_Used_MB: 16274 RAM_Free_MB: 3407
2026-08-07T05:38:08+07:00
9201, 16311, 94
RAM_Used_MB: 16215 RAM_Free_MB: 3462
2026-08-07T05:38:38+07:00
9201, 16311, 81
RAM_Used_MB: 16344 RAM_Free_MB: 3333
2026-08-07T05:39:08+07:00
9201, 16311, 98
RAM_Used_MB: 16208 RAM_Free_MB: 3471
2026-08-07T05:39:38+07:00
9201, 16311, 97
RAM_Used_MB: 16401 RAM_Free_MB: 3278
2026-08-07T05:40:08+07:00
9201, 16311, 97
RAM_Used_MB: 16213 RAM_Free_MB: 3466
2026-08-07T05:40:38+07:00
9201, 16311, 83
RAM_Used_MB: 16323 RAM_Free_MB: 3355
2026-08-07T05:41:08+07:00
9201, 16311, 87
RAM_Used_MB: 16606 RAM_Free_MB: 3072
2026-08-07T05:41:38+07:00
9201, 16311, 85
RAM_Used_MB: 16411 RAM_Free_MB: 3267
2026-08-07T05:42:08+07:00
9215, 16311, 78
RAM_Used_MB: 16395 RAM_Free_MB: 3282
2026-08-07T05:42:38+07:00
9201, 16311, 79
RAM_Used_MB: 16339 RAM_Free_MB: 3339
2026-08-07T05:43:08+07:00
9201, 16311, 74
RAM_Used_MB: 16289 RAM_Free_MB: 3389
2026-08-07T05:43:38+07:00
9201, 16311, 93
RAM_Used_MB: 16533 RAM_Free_MB: 3144
2026-08-07T05:44:08+07:00
9201, 16311, 75
RAM_Used_MB: 16289 RAM_Free_MB: 3391
2026-08-07T05:44:38+07:00
9201, 16311, 75
RAM_Used_MB: 16418 RAM_Free_MB: 3262
2026-08-07T05:45:08+07:00
9201, 16311, 92
RAM_Used_MB: 16422 RAM_Free_MB: 3255
2026-08-07T05:45:38+07:00
9201, 16311, 91
RAM_Used_MB: 16377 RAM_Free_MB: 3299
2026-08-07T05:46:08+07:00
9201, 16311, 88
RAM_Used_MB: 16235 RAM_Free_MB: 3448
2026-08-07T05:46:38+07:00
9201, 16311, 93
RAM_Used_MB: 16410 RAM_Free_MB: 3273
2026-08-07T05:47:08+07:00
9201, 16311, 92
RAM_Used_MB: 16348 RAM_Free_MB: 3335
2026-08-07T05:47:38+07:00
9201, 16311, 91
RAM_Used_MB: 16262 RAM_Free_MB: 3421
2026-08-07T05:48:08+07:00
9201, 16311, 95
RAM_Used_MB: 16263 RAM_Free_MB: 3416
2026-08-07T05:48:38+07:00
9201, 16311, 94
RAM_Used_MB: 16539 RAM_Free_MB: 3139
2026-08-07T05:49:08+07:00
9201, 16311, 94
RAM_Used_MB: 16348 RAM_Free_MB: 3332
2026-08-07T05:49:38+07:00
9201, 16311, 94
RAM_Used_MB: 16448 RAM_Free_MB: 3232
2026-08-07T05:50:08+07:00
9201, 16311, 86
RAM_Used_MB: 16107 RAM_Free_MB: 3326
2026-08-07T05:50:38+07:00
9201, 16311, 94
RAM_Used_MB: 16216 RAM_Free_MB: 3216
2026-08-07T05:51:08+07:00
9201, 16311, 94
RAM_Used_MB: 16142 RAM_Free_MB: 3290
2026-08-07T05:51:38+07:00
9201, 16311, 95
RAM_Used_MB: 16315 RAM_Free_MB: 3117
2026-08-07T05:52:08+07:00
9201, 16311, 95
RAM_Used_MB: 16481 RAM_Free_MB: 2951
2026-08-07T05:52:39+07:00
9201, 16311, 77
RAM_Used_MB: 16250 RAM_Free_MB: 3181
2026-08-07T05:53:09+07:00
9215, 16311, 94
RAM_Used_MB: 16324 RAM_Free_MB: 3107
2026-08-07T05:53:39+07:00
9215, 16311, 97
RAM_Used_MB: 16276 RAM_Free_MB: 3154
2026-08-07T05:54:09+07:00
9201, 16311, 95
RAM_Used_MB: 16318 RAM_Free_MB: 3112
2026-08-07T05:54:39+07:00
9201, 16311, 94
RAM_Used_MB: 16408 RAM_Free_MB: 3021
2026-08-07T05:55:09+07:00
9201, 16311, 93
RAM_Used_MB: 16351 RAM_Free_MB: 3075
2026-08-07T05:55:39+07:00
9201, 16311, 92
RAM_Used_MB: 16508 RAM_Free_MB: 2918
2026-08-07T05:56:09+07:00
9201, 16311, 88
RAM_Used_MB: 16309 RAM_Free_MB: 3118
2026-08-07T05:56:39+07:00
9201, 16311, 78
RAM_Used_MB: 16596 RAM_Free_MB: 2831
2026-08-07T05:57:09+07:00
9201, 16311, 94
RAM_Used_MB: 16480 RAM_Free_MB: 2946
2026-08-07T05:57:39+07:00
9201, 16311, 94
RAM_Used_MB: 16406 RAM_Free_MB: 3020
2026-08-07T05:58:09+07:00
9201, 16311, 97
RAM_Used_MB: 16298 RAM_Free_MB: 3125
2026-08-07T05:58:39+07:00
9201, 16311, 77
RAM_Used_MB: 16297 RAM_Free_MB: 3126
2026-08-07T05:59:09+07:00
9201, 16311, 93
RAM_Used_MB: 16411 RAM_Free_MB: 3013
2026-08-07T05:59:39+07:00
9201, 16311, 91
RAM_Used_MB: 16323 RAM_Free_MB: 3101
2026-08-07T06:00:09+07:00
9201, 16311, 90
RAM_Used_MB: 16233 RAM_Free_MB: 3191
2026-08-07T06:00:39+07:00
9201, 16311, 92
RAM_Used_MB: 16330 RAM_Free_MB: 3092
2026-08-07T06:01:09+07:00
9201, 16311, 93
RAM_Used_MB: 16331 RAM_Free_MB: 3092
2026-08-07T06:01:39+07:00
9201, 16311, 75
RAM_Used_MB: 16356 RAM_Free_MB: 3066
2026-08-07T06:02:09+07:00
9201, 16311, 93
RAM_Used_MB: 16405 RAM_Free_MB: 3017
2026-08-07T06:02:39+07:00
9201, 16311, 94
RAM_Used_MB: 16403 RAM_Free_MB: 3018
2026-08-07T06:03:09+07:00
9201, 16311, 93
RAM_Used_MB: 16405 RAM_Free_MB: 3016
2026-08-07T06:03:39+07:00
9215, 16311, 76
RAM_Used_MB: 16615 RAM_Free_MB: 2807
2026-08-07T06:04:09+07:00
9201, 16311, 98
RAM_Used_MB: 16334 RAM_Free_MB: 3087
2026-08-07T06:04:39+07:00
9215, 16311, 73
RAM_Used_MB: 16431 RAM_Free_MB: 2989
2026-08-07T06:05:09+07:00
9201, 16311, 80
RAM_Used_MB: 16245 RAM_Free_MB: 3172
2026-08-07T06:05:39+07:00
9215, 16311, 93
RAM_Used_MB: 16530 RAM_Free_MB: 2887
2026-08-07T06:06:09+07:00
9201, 16311, 88
RAM_Used_MB: 16219 RAM_Free_MB: 3205
2026-08-07T06:06:39+07:00
9215, 16311, 92
RAM_Used_MB: 16204 RAM_Free_MB: 2973
2026-08-07T06:07:09+07:00
9215, 16311, 92
RAM_Used_MB: 16390 RAM_Free_MB: 2787
2026-08-07T06:07:39+07:00
9215, 16311, 93
RAM_Used_MB: 16453 RAM_Free_MB: 2724
2026-08-07T06:08:09+07:00
9201, 16311, 91
RAM_Used_MB: 16630 RAM_Free_MB: 2544
2026-08-07T06:08:39+07:00
9217, 16311, 95
RAM_Used_MB: 16317 RAM_Free_MB: 2856
2026-08-07T06:09:09+07:00
9203, 16311, 91
RAM_Used_MB: 16384 RAM_Free_MB: 2791
2026-08-07T06:09:39+07:00
9201, 16311, 95
RAM_Used_MB: 16340 RAM_Free_MB: 2835
2026-08-07T06:10:09+07:00
9201, 16311, 91
RAM_Used_MB: 16402 RAM_Free_MB: 2772
2026-08-07T06:10:39+07:00
9215, 16311, 98
RAM_Used_MB: 16509 RAM_Free_MB: 2666
2026-08-07T06:11:09+07:00
9201, 16311, 96
RAM_Used_MB: 16471 RAM_Free_MB: 2703
2026-08-07T06:11:39+07:00
9201, 16311, 89
RAM_Used_MB: 16453 RAM_Free_MB: 2721
2026-08-07T06:12:09+07:00
9201, 16311, 92
RAM_Used_MB: 16385 RAM_Free_MB: 2789
2026-08-07T06:12:39+07:00
9201, 16311, 93
RAM_Used_MB: 16386 RAM_Free_MB: 2788
2026-08-07T06:13:09+07:00
9215, 16311, 85
RAM_Used_MB: 16283 RAM_Free_MB: 2891
2026-08-07T06:13:39+07:00
9201, 16311, 91
RAM_Used_MB: 16534 RAM_Free_MB: 2640
2026-08-07T06:14:10+07:00
9201, 16311, 90
RAM_Used_MB: 16405 RAM_Free_MB: 2773
2026-08-07T06:14:40+07:00
9201, 16311, 88
RAM_Used_MB: 16372 RAM_Free_MB: 2805
2026-08-07T06:15:10+07:00
9201, 16311, 95
RAM_Used_MB: 16146 RAM_Free_MB: 3028
2026-08-07T06:15:40+07:00
9201, 16311, 66
RAM_Used_MB: 16373 RAM_Free_MB: 2800
2026-08-07T06:16:10+07:00
9201, 16311, 94
RAM_Used_MB: 16417 RAM_Free_MB: 2758
2026-08-07T06:16:40+07:00
9201, 16311, 94
RAM_Used_MB: 16351 RAM_Free_MB: 2824
2026-08-07T06:17:10+07:00
9201, 16311, 94
RAM_Used_MB: 16463 RAM_Free_MB: 2711
2026-08-07T06:17:40+07:00
9201, 16311, 95
RAM_Used_MB: 16459 RAM_Free_MB: 2714
2026-08-07T06:18:10+07:00
9201, 16311, 98
RAM_Used_MB: 16488 RAM_Free_MB: 2682
2026-08-07T06:18:40+07:00
9201, 16311, 95
RAM_Used_MB: 16575 RAM_Free_MB: 2595
2026-08-07T06:19:10+07:00
9215, 16311, 80
RAM_Used_MB: 16531 RAM_Free_MB: 2640
2026-08-07T06:19:40+07:00
9201, 16311, 92
RAM_Used_MB: 16355 RAM_Free_MB: 2816
2026-08-07T06:20:10+07:00
9201, 16311, 92
RAM_Used_MB: 16427 RAM_Free_MB: 2744
2026-08-07T06:20:40+07:00
9201, 16311, 93
RAM_Used_MB: 16408 RAM_Free_MB: 2762
2026-08-07T06:21:10+07:00
9201, 16311, 92
RAM_Used_MB: 16387 RAM_Free_MB: 2783
2026-08-07T06:21:40+07:00
9201, 16311, 74
RAM_Used_MB: 16378 RAM_Free_MB: 2792
2026-08-07T06:22:10+07:00
9201, 16311, 93
RAM_Used_MB: 16484 RAM_Free_MB: 2686
2026-08-07T06:22:40+07:00
9201, 16311, 93
RAM_Used_MB: 16399 RAM_Free_MB: 2770
